{
  "binary": "engram",
  "version": "test-version",
  "commands": [
    {
      "name": "backfill-short-ids",
      "summary": "Assign a short_id to every memory that lacks one (payload-only; no re-embed)",
      "flags": [
        {
          "name": "apply",
          "type": "bool",
          "default": "false",
          "usage": "a mutating operator command previews by default and mutates only when apply is set"
        },
        {
          "name": "output",
          "type": "string",
          "default": "",
          "usage": "output format: \"json\" or \"text\" (default: detect from stdout); text is a human-readable view, not a stable interface — script against json"
        },
        {
          "name": "timeout",
          "type": "duration",
          "default": "5m0s",
          "usage": "max wall-clock (0 disables); also cancellable via Ctrl-C"
        }
      ],
      "blast_radius": {
        "read_only": false,
        "destructive": false,
        "idempotent": true,
        "open_world": false
      }
    },
    {
      "name": "list",
      "summary": "List memories on a remote engram server",
      "flags": [
        {
          "name": "categories",
          "type": "stringSlice",
          "default": "[]",
          "usage": "category filter (empty = all categories)"
        },
        {
          "name": "created-after",
          "type": "string",
          "default": "",
          "usage": "RFC3339 inclusive lower bound on created_at"
        },
        {
          "name": "created-before",
          "type": "string",
          "default": "",
          "usage": "RFC3339 exclusive upper bound on created_at"
        },
        {
          "name": "cross-spine",
          "type": "bool",
          "default": "false",
          "usage": "span every scope you can read; mutually exclusive with --scope"
        },
        {
          "name": "cursor-mode",
          "type": "bool",
          "default": "false",
          "usage": "opt into cursor paging on the first (tokenless) page; cursor_mode, offset, and page_token are mutually exclusive"
        },
        {
          "name": "full",
          "type": "bool",
          "default": "false",
          "usage": "return full content instead of summaries"
        },
        {
          "name": "include-archived",
          "type": "bool",
          "default": "false",
          "usage": "include archived records, which are hidden by default"
        },
        {
          "name": "insecure",
          "type": "bool",
          "default": "false",
          "usage": "skip TLS certificate verification (always warns on stderr; no environment fallback)"
        },
        {
          "name": "limit",
          "type": "uint64",
          "default": "0",
          "usage": "max results (0 = server default)"
        },
        {
          "name": "offset",
          "type": "uint64",
          "default": "0",
          "usage": "offset-for-UI paging; cursor_mode, offset, and page_token are mutually exclusive"
        },
        {
          "name": "output",
          "type": "string",
          "default": "",
          "usage": "output format: \"json\" or \"text\" (default: detect from stdout)"
        },
        {
          "name": "page-token",
          "type": "string",
          "default": "",
          "usage": "opaque cursor from a previous response's next_page_token; cursor_mode, offset, and page_token are mutually exclusive"
        },
        {
          "name": "scope",
          "type": "string",
          "default": "",
          "usage": "scope is required unless cross_spine is true; omit and pass --cross-spine to span every scope you can read; mutually exclusive with --cross-spine"
        },
        {
          "name": "server",
          "type": "string",
          "default": "",
          "usage": "engram server base URL (default: ENGRAM_SERVER_URL)"
        },
        {
          "name": "tags",
          "type": "stringSlice",
          "default": "[]",
          "usage": "tag filter (records must carry ALL listed tags)"
        },
        {
          "name": "timeout",
          "type": "string",
          "default": "30s",
          "usage": "per-request client deadline (must be \u003e 0, e.g. 30s, 2m; a value of 0 is rejected, never treated as unbounded — unlike this binary's operator-command --timeout, where 0 disables)"
        },
        {
          "name": "token-file",
          "type": "string",
          "default": "",
          "usage": "path to a file containing the bearer credential (default: ENGRAM_TOKEN env var)"
        },
        {
          "name": "visibility",
          "type": "string",
          "default": "",
          "usage": "visibility filter: \"\" (all), \"private\", or \"shared\""
        }
      ],
      "blast_radius": {
        "read_only": true,
        "destructive": false,
        "idempotent": true,
        "open_world": false
      }
    },
    {
      "name": "migrate",
      "summary": "Preview or apply the pending forward schema-version sweep",
      "flags": [
        {
          "name": "apply",
          "type": "bool",
          "default": "false",
          "usage": "a mutating operator command previews by default and mutates only when apply is set"
        },
        {
          "name": "output",
          "type": "string",
          "default": "",
          "usage": "output format: \"json\" or \"text\" (default: detect from stdout); text is a human-readable view, not a stable interface — script against json"
        },
        {
          "name": "timeout",
          "type": "duration",
          "default": "5m0s",
          "usage": "max wall-clock (0 disables); also cancellable via Ctrl-C"
        }
      ],
      "blast_radius": {
        "read_only": false,
        "destructive": false,
        "idempotent": true,
        "open_world": false
      }
    },
    {
      "name": "migrate revert",
      "summary": "Preview or apply a reverse schema-version walk, refusing any irreversible range whole",
      "flags": [
        {
          "name": "apply",
          "type": "bool",
          "default": "false",
          "usage": "a mutating operator command previews by default and mutates only when apply is set"
        },
        {
          "name": "output",
          "type": "string",
          "default": "",
          "usage": "output format: \"json\" or \"text\" (default: detect from stdout); text is a human-readable view, not a stable interface — script against json"
        },
        {
          "name": "timeout",
          "type": "duration",
          "default": "5m0s",
          "usage": "max wall-clock (0 disables); also cancellable via Ctrl-C"
        },
        {
          "name": "to",
          "type": "int",
          "default": "0",
          "usage": "target schema version to revert down to (required)"
        }
      ],
      "blast_radius": {
        "read_only": false,
        "destructive": true,
        "idempotent": true,
        "open_world": false
      }
    },
    {
      "name": "migrate status",
      "summary": "Report a server-side schema-version distribution histogram",
      "flags": [
        {
          "name": "output",
          "type": "string",
          "default": "",
          "usage": "output format: \"json\" or \"text\" (default: detect from stdout); text is a human-readable view, not a stable interface — script against json"
        },
        {
          "name": "timeout",
          "type": "duration",
          "default": "5m0s",
          "usage": "max wall-clock (0 disables); also cancellable via Ctrl-C"
        }
      ],
      "blast_radius": {
        "read_only": true,
        "destructive": false,
        "idempotent": true,
        "open_world": false
      }
    },
    {
      "name": "migrate-remap-owner",
      "summary": "Re-stamp record owner across the collection (sub-\u003eemail, email-\u003eemail, owner-less, or anonymous bucket)",
      "flags": [
        {
          "name": "apply",
          "type": "bool",
          "default": "false",
          "usage": "a mutating operator command previews by default and mutates only when apply is set"
        },
        {
          "name": "from",
          "type": "string",
          "default": "",
          "usage": "current owner value to remap (a sub or email); mutually exclusive with --from-missing/--from-anon"
        },
        {
          "name": "from-anon",
          "type": "bool",
          "default": "false",
          "usage": "remap the explicit anonymous bucket (owner==\"\")"
        },
        {
          "name": "from-missing",
          "type": "bool",
          "default": "false",
          "usage": "remap owner-less (pre-isolation) records"
        },
        {
          "name": "output",
          "type": "string",
          "default": "",
          "usage": "output format: \"json\" or \"text\" (default: detect from stdout); text is a human-readable view, not a stable interface — script against json"
        },
        {
          "name": "timeout",
          "type": "duration",
          "default": "5m0s",
          "usage": "max wall-clock (must be \u003e 0); also cancellable via Ctrl-C"
        },
        {
          "name": "to",
          "type": "string",
          "default": "",
          "usage": "new owner value to stamp (required)"
        }
      ],
      "blast_radius": {
        "read_only": false,
        "destructive": true,
        "idempotent": true,
        "open_world": false
      }
    },
    {
      "name": "migrate-set-owner",
      "summary": "Backfill owner (OIDC sub) onto pre-isolation memory records",
      "flags": [
        {
          "name": "output",
          "type": "string",
          "default": "",
          "usage": "output format: \"json\" or \"text\" (default: detect from stdout); text is a human-readable view, not a stable interface — script against json"
        },
        {
          "name": "owner",
          "type": "string",
          "default": "",
          "usage": "OIDC sub to stamp onto owner-less records (required, non-empty)"
        },
        {
          "name": "timeout",
          "type": "duration",
          "default": "5m0s",
          "usage": "max wall-clock for the backfill (must be \u003e 0); also cancellable via Ctrl-C"
        }
      ],
      "blast_radius": {
        "read_only": false,
        "destructive": false,
        "idempotent": true,
        "open_world": false
      }
    },
    {
      "name": "prune-expired",
      "summary": "Delete memories whose validity window (not_after) has lapsed",
      "flags": [
        {
          "name": "apply",
          "type": "bool",
          "default": "false",
          "usage": "a mutating operator command previews by default and mutates only when apply is set"
        },
        {
          "name": "older-than",
          "type": "duration",
          "default": "0s",
          "usage": "grace period: only prune records whose not_after lapsed at least this long ago (0 = any past not_after)"
        },
        {
          "name": "output",
          "type": "string",
          "default": "",
          "usage": "output format: \"json\" or \"text\" (default: detect from stdout); text is a human-readable view, not a stable interface — script against json"
        },
        {
          "name": "timeout",
          "type": "duration",
          "default": "5m0s",
          "usage": "max wall-clock for the sweep (0 disables); also cancellable via Ctrl-C"
        }
      ],
      "blast_radius": {
        "read_only": false,
        "destructive": true,
        "idempotent": true,
        "open_world": false
      }
    },
    {
      "name": "reindex",
      "summary": "Re-embed memories into a new (new-dimension) collection for embedder migration",
      "flags": [
        {
          "name": "dry-run",
          "type": "bool",
          "default": "false",
          "usage": "scan and count without creating the target or writing"
        },
        {
          "name": "output",
          "type": "string",
          "default": "",
          "usage": "output format: \"json\" or \"text\" (default: detect from stdout); text is a human-readable view, not a stable interface — script against json"
        },
        {
          "name": "resume",
          "type": "bool",
          "default": "false",
          "usage": "skip points already present in the target with identical content (cheap restart of an interrupted reindex)"
        },
        {
          "name": "source",
          "type": "string",
          "default": "",
          "usage": "source collection to read from (default: ENGRAM_QDRANT_COLLECTION)"
        },
        {
          "name": "target",
          "type": "string",
          "default": "",
          "usage": "target collection to create and populate (required)"
        },
        {
          "name": "timeout",
          "type": "duration",
          "default": "30m0s",
          "usage": "max wall-clock for the reindex; 0 means no deadline (Ctrl-C or SIGTERM aborts either way)"
        }
      ],
      "blast_radius": {
        "read_only": false,
        "destructive": false,
        "idempotent": true,
        "open_world": false
      }
    },
    {
      "name": "search",
      "summary": "Search memories on a remote engram server",
      "flags": [
        {
          "name": "categories",
          "type": "stringSlice",
          "default": "[]",
          "usage": "category filter (ANY listed category)"
        },
        {
          "name": "created-after",
          "type": "string",
          "default": "",
          "usage": "RFC3339 inclusive lower bound on created_at"
        },
        {
          "name": "created-before",
          "type": "string",
          "default": "",
          "usage": "RFC3339 exclusive upper bound on created_at"
        },
        {
          "name": "cross-spine",
          "type": "bool",
          "default": "false",
          "usage": "span every scope you can read; mutually exclusive with --scope"
        },
        {
          "name": "full",
          "type": "bool",
          "default": "false",
          "usage": "return full content instead of summaries"
        },
        {
          "name": "insecure",
          "type": "bool",
          "default": "false",
          "usage": "skip TLS certificate verification (always warns on stderr; no environment fallback)"
        },
        {
          "name": "k",
          "type": "uint64",
          "default": "0",
          "usage": "max results (0 = server default)"
        },
        {
          "name": "output",
          "type": "string",
          "default": "",
          "usage": "output format: \"json\" or \"text\" (default: detect from stdout)"
        },
        {
          "name": "query",
          "type": "string",
          "default": "",
          "usage": "search query (required)"
        },
        {
          "name": "scope",
          "type": "string",
          "default": "",
          "usage": "scope is required unless cross_spine is true; mutually exclusive with --cross-spine"
        },
        {
          "name": "server",
          "type": "string",
          "default": "",
          "usage": "engram server base URL (default: ENGRAM_SERVER_URL)"
        },
        {
          "name": "tags",
          "type": "stringSlice",
          "default": "[]",
          "usage": "tag filter (records must carry ALL listed tags)"
        },
        {
          "name": "timeout",
          "type": "string",
          "default": "30s",
          "usage": "per-request client deadline (must be \u003e 0, e.g. 30s, 2m; a value of 0 is rejected, never treated as unbounded — unlike this binary's operator-command --timeout, where 0 disables)"
        },
        {
          "name": "token-file",
          "type": "string",
          "default": "",
          "usage": "path to a file containing the bearer credential (default: ENGRAM_TOKEN env var)"
        }
      ],
      "blast_radius": {
        "read_only": true,
        "destructive": false,
        "idempotent": true,
        "open_world": false
      }
    },
    {
      "name": "serve",
      "summary": "Run the engram MCP server",
      "flags": [
        {
          "name": "connect-headless",
          "type": "string",
          "default": "false",
          "usage": "mount the ConnectRPC lane on a headless deployment (default off; requires at least one configured auth lane)"
        },
        {
          "name": "listen-addr",
          "type": "string",
          "default": ":8080",
          "usage": "listen address"
        },
        {
          "name": "mcp-path",
          "type": "string",
          "default": "",
          "usage": "path for the MCP transport (empty=/mcp; '/'=legacy root catch-all)"
        },
        {
          "name": "oidc-audience",
          "type": "string",
          "default": "",
          "usage": "expected OIDC audience (optional)"
        },
        {
          "name": "oidc-client-id",
          "type": "string",
          "default": "",
          "usage": "OIDC confidential-client ID for the web login"
        },
        {
          "name": "oidc-client-secret",
          "type": "string",
          "default": "",
          "usage": "OIDC client secret for the web login"
        },
        {
          "name": "oidc-issuer",
          "type": "string",
          "default": "",
          "usage": "OIDC issuer URL; setting it enables bearer-token enforcement"
        },
        {
          "name": "oidc-resource-metadata",
          "type": "string",
          "default": "",
          "usage": "WWW-Authenticate resource metadata URL (optional)"
        },
        {
          "name": "owner-claim",
          "type": "string",
          "default": "email",
          "usage": "OIDC claim whose value becomes the record owner / authz key (default email)"
        },
        {
          "name": "ui-cookie-key",
          "type": "string",
          "default": "",
          "usage": "32-byte AES-GCM key sealing the session cookie"
        },
        {
          "name": "ui-enabled",
          "type": "string",
          "default": "",
          "usage": "enable the web UI + login lane (empty=imply from creds; 'false'=hard off)"
        },
        {
          "name": "ui-issuer",
          "type": "string",
          "default": "",
          "usage": "OIDC issuer for the web-UI login lane (empty=default to --oidc-issuer)"
        },
        {
          "name": "ui-redirect-url",
          "type": "string",
          "default": "",
          "usage": "OIDC auth-code callback URL"
        }
      ],
      "blast_radius": {
        "read_only": false,
        "destructive": false,
        "idempotent": false,
        "open_world": false
      }
    },
    {
      "name": "spine-review",
      "summary": "Inventory, verify, and curate the memory spine",
      "flags": [],
      "blast_radius": {
        "read_only": true,
        "destructive": false,
        "idempotent": true,
        "open_world": false
      }
    },
    {
      "name": "spine-review archive",
      "summary": "Archive one or more records by id (reversible via restore)",
      "flags": [
        {
          "name": "id",
          "type": "stringSlice",
          "default": "[]",
          "usage": "id (or short_id) of a record to archive; may be repeated"
        },
        {
          "name": "output",
          "type": "string",
          "default": "",
          "usage": "output format: \"json\" or \"text\" (default: detect from stdout); text is a human-readable view, not a stable interface — script against json"
        },
        {
          "name": "timeout",
          "type": "duration",
          "default": "5m0s",
          "usage": "max wall-clock for the run (0 disables); also cancellable via Ctrl-C"
        }
      ],
      "blast_radius": {
        "read_only": false,
        "destructive": false,
        "idempotent": true,
        "open_world": false
      }
    },
    {
      "name": "spine-review consolidate",
      "summary": "Report ranked near-duplicate candidate pairs across the memory spine",
      "flags": [
        {
          "name": "all-scopes",
          "type": "bool",
          "default": "false",
          "usage": "span every scope; a candidate pair may then cross scopes, and each row names both (mutually exclusive with --scope)"
        },
        {
          "name": "min-score",
          "type": "string",
          "default": "",
          "usage": "minimum cosine score a pair must carry to be reported; absent (the default) means NO filter at all — including pairs with a negative score"
        },
        {
          "name": "output",
          "type": "string",
          "default": "",
          "usage": "output format: \"json\" or \"text\" (default: detect from stdout); text is a human-readable view, not a stable interface — script against json"
        },
        {
          "name": "scope",
          "type": "string",
          "default": "",
          "usage": "only consider records in this scope"
        },
        {
          "name": "timeout",
          "type": "duration",
          "default": "5m0s",
          "usage": "max wall-clock for the sweep (0 disables); also cancellable via Ctrl-C"
        },
        {
          "name": "top-k",
          "type": "uint64",
          "default": "5",
          "usage": "neighbours considered per record"
        }
      ],
      "blast_radius": {
        "read_only": true,
        "destructive": false,
        "idempotent": true,
        "open_world": false
      }
    },
    {
      "name": "spine-review purge",
      "summary": "Delete purge-eligible records, gated on an extraction precondition",
      "flags": [
        {
          "name": "all-scopes",
          "type": "bool",
          "default": "false",
          "usage": "span every scope; mutually exclusive with --scope"
        },
        {
          "name": "apply",
          "type": "bool",
          "default": "false",
          "usage": "a mutating operator command previews by default and mutates only when apply is set"
        },
        {
          "name": "category",
          "type": "string",
          "default": "",
          "usage": "free-form filter: only this category; the free-form filter path requires an explicit --scope or --all-scopes: category or tags always engage it, and older-than engages it when no class is selected"
        },
        {
          "name": "class",
          "type": "stringSlice",
          "default": "[]",
          "usage": "structural eligibility class (repeatable): superseded, expired, archived"
        },
        {
          "name": "older-than",
          "type": "duration",
          "default": "0s",
          "usage": "grace/retention window override for the selected class(es) (0 = each class's own default: immediate for superseded/expired, 90 days for archived); with NO class selected, a free-form created-more-than-this-long-ago filter -- the free-form filter path requires an explicit --scope or --all-scopes: category or tags always engage it, and older-than engages it when no class is selected"
        },
        {
          "name": "output",
          "type": "string",
          "default": "",
          "usage": "output format: \"json\" or \"text\" (default: detect from stdout); text is a human-readable view, not a stable interface — script against json"
        },
        {
          "name": "scope",
          "type": "string",
          "default": "",
          "usage": "restrict the derivation to one scope"
        },
        {
          "name": "tags",
          "type": "stringSlice",
          "default": "[]",
          "usage": "free-form filter: records must carry ALL listed tags (repeatable); the free-form filter path requires an explicit --scope or --all-scopes: category or tags always engage it, and older-than engages it when no class is selected"
        },
        {
          "name": "timeout",
          "type": "duration",
          "default": "5m0s",
          "usage": "max wall-clock for the run (0 disables); also cancellable via Ctrl-C"
        }
      ],
      "blast_radius": {
        "read_only": false,
        "destructive": true,
        "idempotent": true,
        "open_world": false
      }
    },
    {
      "name": "spine-review restore",
      "summary": "Restore one or more previously-archived records by id",
      "flags": [
        {
          "name": "id",
          "type": "stringSlice",
          "default": "[]",
          "usage": "id (or short_id) of a previously-archived record to restore; may be repeated"
        },
        {
          "name": "output",
          "type": "string",
          "default": "",
          "usage": "output format: \"json\" or \"text\" (default: detect from stdout); text is a human-readable view, not a stable interface — script against json"
        },
        {
          "name": "timeout",
          "type": "duration",
          "default": "5m0s",
          "usage": "max wall-clock for the run (0 disables); also cancellable via Ctrl-C"
        }
      ],
      "blast_radius": {
        "read_only": false,
        "destructive": false,
        "idempotent": true,
        "open_world": false
      }
    },
    {
      "name": "spine-review scan",
      "summary": "Report an inventory of the memory spine",
      "flags": [
        {
          "name": "all-scopes",
          "type": "bool",
          "default": "false",
          "usage": "sweep every scope (required if --scope is omitted); mutually exclusive with --scope"
        },
        {
          "name": "output",
          "type": "string",
          "default": "",
          "usage": "output format: \"json\" or \"text\" (default: detect from stdout); text is a human-readable view, not a stable interface — script against json"
        },
        {
          "name": "scope",
          "type": "string",
          "default": "",
          "usage": "only scan records in this scope"
        },
        {
          "name": "timeout",
          "type": "duration",
          "default": "5m0s",
          "usage": "max wall-clock for the sweep (0 disables); also cancellable via Ctrl-C"
        }
      ],
      "blast_radius": {
        "read_only": true,
        "destructive": false,
        "idempotent": true,
        "open_world": false
      }
    },
    {
      "name": "spine-review verify",
      "summary": "Classify every stored citation as valid, moved, broken, or unverifiable",
      "flags": [
        {
          "name": "all-scopes",
          "type": "bool",
          "default": "false",
          "usage": "sweep every scope (required if --scope is omitted); mutually exclusive with --scope"
        },
        {
          "name": "fail-on",
          "type": "string",
          "default": "",
          "usage": "fail-on accepts broken, moved, unverifiable, or any; omitted, verify exits 0 regardless of findings"
        },
        {
          "name": "output",
          "type": "string",
          "default": "",
          "usage": "output format: \"json\" or \"text\" (default: detect from stdout); text is a human-readable view, not a stable interface — script against json"
        },
        {
          "name": "scope",
          "type": "string",
          "default": "",
          "usage": "only verify citations from records in this scope"
        },
        {
          "name": "timeout",
          "type": "duration",
          "default": "5m0s",
          "usage": "max wall-clock for the sweep (0 disables); also cancellable via Ctrl-C"
        }
      ],
      "blast_radius": {
        "read_only": true,
        "destructive": false,
        "idempotent": true,
        "open_world": false
      }
    },
    {
      "name": "store",
      "summary": "Store a memory on a remote engram server",
      "flags": [
        {
          "name": "base-dir",
          "type": "string",
          "default": "",
          "usage": "base directory"
        },
        {
          "name": "category",
          "type": "string",
          "default": "",
          "usage": "category: one of decision, preference, convention, gotcha"
        },
        {
          "name": "content",
          "type": "string",
          "default": "",
          "usage": "memory content (required)"
        },
        {
          "name": "insecure",
          "type": "bool",
          "default": "false",
          "usage": "skip TLS certificate verification (always warns on stderr; no environment fallback)"
        },
        {
          "name": "output",
          "type": "string",
          "default": "",
          "usage": "output format: \"json\" or \"text\" (default: detect from stdout)"
        },
        {
          "name": "repo",
          "type": "string",
          "default": "",
          "usage": "repo identifier"
        },
        {
          "name": "scope",
          "type": "string",
          "default": "",
          "usage": "memory scope (required)"
        },
        {
          "name": "server",
          "type": "string",
          "default": "",
          "usage": "engram server base URL (default: ENGRAM_SERVER_URL)"
        },
        {
          "name": "source",
          "type": "string",
          "default": "",
          "usage": "source of the memory"
        },
        {
          "name": "summary",
          "type": "string",
          "default": "",
          "usage": "client-authored summary"
        },
        {
          "name": "tags",
          "type": "stringSlice",
          "default": "[]",
          "usage": "tags to attach to the memory"
        },
        {
          "name": "timeout",
          "type": "string",
          "default": "30s",
          "usage": "per-request client deadline (must be \u003e 0, e.g. 30s, 2m; a value of 0 is rejected, never treated as unbounded — unlike this binary's operator-command --timeout, where 0 disables)"
        },
        {
          "name": "token-file",
          "type": "string",
          "default": "",
          "usage": "path to a file containing the bearer credential (default: ENGRAM_TOKEN env var)"
        },
        {
          "name": "workspace",
          "type": "string",
          "default": "",
          "usage": "workspace identifier"
        },
        {
          "name": "worktree",
          "type": "string",
          "default": "",
          "usage": "worktree identifier"
        }
      ],
      "blast_radius": {
        "read_only": false,
        "destructive": false,
        "idempotent": false,
        "open_world": false
      }
    },
    {
      "name": "summarize-missing",
      "summary": "Fill empty recall summaries with the configured cheap model",
      "flags": [
        {
          "name": "all-scopes",
          "type": "bool",
          "default": "false",
          "usage": "sweep every scope (required if --scope is omitted); mutually exclusive with --scope"
        },
        {
          "name": "dry-run",
          "type": "bool",
          "default": "false",
          "usage": "count eligible records without writing"
        },
        {
          "name": "limit",
          "type": "int",
          "default": "0",
          "usage": "max records to scan (0 = no cap)"
        },
        {
          "name": "older-than",
          "type": "duration",
          "default": "0s",
          "usage": "only records created at least this long ago (0 = any age)"
        },
        {
          "name": "output",
          "type": "string",
          "default": "",
          "usage": "output format: \"json\" or \"text\" (default: detect from stdout); text is a human-readable view, not a stable interface — script against json"
        },
        {
          "name": "scope",
          "type": "string",
          "default": "",
          "usage": "only summarize records in this scope"
        },
        {
          "name": "timeout",
          "type": "duration",
          "default": "30m0s",
          "usage": "max wall-clock for the sweep (0 disables); also cancellable via Ctrl-C"
        }
      ],
      "blast_radius": {
        "read_only": false,
        "destructive": false,
        "idempotent": true,
        "open_world": false
      }
    },
    {
      "name": "version",
      "summary": "Print the engram version",
      "flags": [],
      "blast_radius": {
        "read_only": true,
        "destructive": false,
        "idempotent": true,
        "open_world": false
      }
    }
  ],
  "exit_codes": [
    {
      "code": 0,
      "meaning": "success"
    },
    {
      "code": 1,
      "meaning": "unclassified internal error (backstop only — not a general-purpose failure code; see notes)"
    },
    {
      "code": 2,
      "meaning": "usage or validation error"
    },
    {
      "code": 3,
      "meaning": "authentication or authorization failure"
    },
    {
      "code": 4,
      "meaning": "not found"
    },
    {
      "code": 5,
      "meaning": "transport or server unavailable"
    },
    {
      "code": 6,
      "meaning": "request deadline exceeded"
    },
    {
      "code": 7,
      "meaning": "findings reported under an explicit opt-in flag (e.g. spine-review verify --fail-on); the command itself succeeded"
    }
  ],
  "notes": [
    "A flag-parsing error raised by the command framework itself (an unknown flag or an unparseable flag value) and a violated mutually-exclusive flag group both exit 2, alongside engram's own semantic validation — for example a missing --server/ENGRAM_SERVER_URL or an invalid --output value. Two paths still exit 1: a mistyped verb, rejected during cobra's own command resolution before any engram hook runs, and a genuinely unclassified internal error.",
    "An empty result set is a success and exits 0 (D-12); absence of results is a legitimate answer, not a failure."
  ]
}
